2016-06-21 13:13:55,459[INFO][main][org.apache.kafka.common.config.AbstractConfig.logAll(AbstractConfig.java:178)] ConsumerConfig values: 
	metric.reporters = []
	metadata.max.age.ms = 300000
	partition.assignment.strategy = [org.apache.kafka.clients.consumer.RangeAssignor]
	reconnect.backoff.ms = 50
	sasl.kerberos.ticket.renew.window.factor = 0.8
	max.partition.fetch.bytes = 1048576
	bootstrap.servers = [112.74.84.31:9092]
	ssl.keystore.type = JKS
	enable.auto.commit = true
	sasl.mechanism = GSSAPI
	interceptor.classes = null
	exclude.internal.topics = true
	ssl.truststore.password = null
	client.id = abcd123
	ssl.endpoint.identification.algorithm = null
	max.poll.records = 2147483647
	check.crcs = true
	request.timeout.ms = 40000
	heartbeat.interval.ms = 3000
	auto.commit.interval.ms = 1000
	receive.buffer.bytes = 65536
	ssl.truststore.type = JKS
	ssl.truststore.location = null
	ssl.keystore.password = null
	fetch.min.bytes = 1
	send.buffer.bytes = 131072
	value.deserializer = class org.apache.kafka.common.serialization.StringDeserializer
	group.id = test11
	retry.backoff.ms = 100
	sasl.kerberos.kinit.cmd = /usr/bin/kinit
	sasl.kerberos.service.name = null
	sasl.kerberos.ticket.renew.jitter = 0.05
	ssl.trustmanager.algorithm = PKIX
	ssl.key.password = null
	fetch.max.wait.ms = 500
	sasl.kerberos.min.time.before.relogin = 60000
	connections.max.idle.ms = 540000
	session.timeout.ms = 30000
	metrics.num.samples = 2
	key.deserializer = class org.apache.kafka.common.serialization.StringDeserializer
	ssl.protocol = TLS
	ssl.provider = null
	ssl.enabled.protocols = [TLSv1.2, TLSv1.1, TLSv1]
	ssl.keystore.location = null
	ssl.cipher.suites = null
	security.protocol = PLAINTEXT
	ssl.keymanager.algorithm = SunX509
	metrics.sample.window.ms = 30000
	auto.offset.reset = latest

2016-06-21 13:13:55,663[INFO][main][org.apache.kafka.common.config.AbstractConfig.logAll(AbstractConfig.java:178)] ConsumerConfig values: 
	metric.reporters = []
	metadata.max.age.ms = 300000
	partition.assignment.strategy = [org.apache.kafka.clients.consumer.RangeAssignor]
	reconnect.backoff.ms = 50
	sasl.kerberos.ticket.renew.window.factor = 0.8
	max.partition.fetch.bytes = 1048576
	bootstrap.servers = [112.74.84.31:9092]
	ssl.keystore.type = JKS
	enable.auto.commit = true
	sasl.mechanism = GSSAPI
	interceptor.classes = null
	exclude.internal.topics = true
	ssl.truststore.password = null
	client.id = abcd123
	ssl.endpoint.identification.algorithm = null
	max.poll.records = 2147483647
	check.crcs = true
	request.timeout.ms = 40000
	heartbeat.interval.ms = 3000
	auto.commit.interval.ms = 1000
	receive.buffer.bytes = 65536
	ssl.truststore.type = JKS
	ssl.truststore.location = null
	ssl.keystore.password = null
	fetch.min.bytes = 1
	send.buffer.bytes = 131072
	value.deserializer = class org.apache.kafka.common.serialization.StringDeserializer
	group.id = test11
	retry.backoff.ms = 100
	sasl.kerberos.kinit.cmd = /usr/bin/kinit
	sasl.kerberos.service.name = null
	sasl.kerberos.ticket.renew.jitter = 0.05
	ssl.trustmanager.algorithm = PKIX
	ssl.key.password = null
	fetch.max.wait.ms = 500
	sasl.kerberos.min.time.before.relogin = 60000
	connections.max.idle.ms = 540000
	session.timeout.ms = 30000
	metrics.num.samples = 2
	key.deserializer = class org.apache.kafka.common.serialization.StringDeserializer
	ssl.protocol = TLS
	ssl.provider = null
	ssl.enabled.protocols = [TLSv1.2, TLSv1.1, TLSv1]
	ssl.keystore.location = null
	ssl.cipher.suites = null
	security.protocol = PLAINTEXT
	ssl.keymanager.algorithm = SunX509
	metrics.sample.window.ms = 30000
	auto.offset.reset = latest

2016-06-21 13:13:55,713[INFO][main][org.apache.kafka.common.utils.AppInfoParser$AppInfo.<init>(AppInfoParser.java:83)] Kafka version : 0.10.0.0
2016-06-21 13:13:55,713[INFO][main][org.apache.kafka.common.utils.AppInfoParser$AppInfo.<init>(AppInfoParser.java:84)] Kafka commitId : b8642491e78c5a13
2016-06-21 13:13:55,929[INFO][main][org.apache.kafka.clients.consumer.internals.AbstractCoordinator.handleGroupMetadataResponse(AbstractCoordinator.java:505)] Discovered coordinator iZ94h4sw4taZ:9092 (id: 2147483638 rack: null) for group test11.
2016-06-21 13:13:55,942[INFO][main][org.apache.kafka.clients.consumer.internals.ConsumerCoordinator.onJoinPrepare(ConsumerCoordinator.java:280)] Revoking previously assigned partitions [] for group test11
2016-06-21 13:13:55,942[INFO][main][org.apache.kafka.clients.consumer.internals.AbstractCoordinator.sendJoinGroupRequest(AbstractCoordinator.java:326)] (Re-)joining group test11
2016-06-21 13:13:56,071[INFO][main][org.apache.kafka.clients.consumer.internals.AbstractCoordinator$SyncGroupResponseHandler.handle(AbstractCoordinator.java:434)] Successfully joined group test11 with generation 1
2016-06-21 13:13:56,072[INFO][main][org.apache.kafka.clients.consumer.internals.ConsumerCoordinator.onJoinComplete(ConsumerCoordinator.java:219)] Setting newly assigned partitions [A10001-2, A10001-1, A10001-0, A10001-6, A10001-5, A10001-4, A10001-3, A10001-9, A10001-8, A10001-7] for group test11
2016-06-21 13:58:52,467[INFO][main][org.apache.kafka.clients.consumer.internals.AbstractCoordinator.coordinatorDead(AbstractCoordinator.java:542)] Marking the coordinator iZ94h4sw4taZ:9092 (id: 2147483638 rack: null) dead for group test11
2016-06-21 13:58:52,468[WARN][main][org.apache.kafka.clients.consumer.internals.ConsumerCoordinator$AutoCommitTask$1.onComplete(ConsumerCoordinator.java:454)] Auto offset commit failed for group test11: Commit offsets failed with retriable exception. You should retry committing offsets.
2016-06-21 13:58:52,469[WARN][main][org.apache.kafka.clients.consumer.internals.ConsumerCoordinator$AutoCommitTask$1.onComplete(ConsumerCoordinator.java:454)] Auto offset commit failed for group test11: Commit offsets failed with retriable exception. You should retry committing offsets.
2016-06-21 13:58:57,163[INFO][main][org.apache.kafka.clients.consumer.internals.AbstractCoordinator.handleGroupMetadataResponse(AbstractCoordinator.java:505)] Discovered coordinator iZ94h4sw4taZ:9092 (id: 2147483638 rack: null) for group test11.
2016-06-21 13:58:57,250[WARN][main][org.apache.kafka.clients.consumer.internals.ConsumerCoordinator$AutoCommitTask$1.onComplete(ConsumerCoordinator.java:454)] Auto offset commit failed for group test11: Commit cannot be completed since the group has already rebalanced and assigned the partitions to another member. This means that the time between subsequent calls to poll() was longer than the configured session.timeout.ms, which typically implies that the poll loop is spending too much time message processing. You can address this either by increasing the session timeout or by reducing the maximum size of batches returned in poll() with max.poll.records.
2016-06-21 13:58:57,251[WARN][main][org.apache.kafka.clients.consumer.internals.ConsumerCoordinator$AutoCommitTask$1.onComplete(ConsumerCoordinator.java:454)] Auto offset commit failed for group test11: Commit cannot be completed since the group has already rebalanced and assigned the partitions to another member. This means that the time between subsequent calls to poll() was longer than the configured session.timeout.ms, which typically implies that the poll loop is spending too much time message processing. You can address this either by increasing the session timeout or by reducing the maximum size of batches returned in poll() with max.poll.records.
2016-06-21 13:58:57,286[WARN][main][org.apache.kafka.clients.consumer.internals.ConsumerCoordinator.maybeAutoCommitOffsetsSync(ConsumerCoordinator.java:471)] Auto offset commit failed for group test11: Commit cannot be completed since the group has already rebalanced and assigned the partitions to another member. This means that the time between subsequent calls to poll() was longer than the configured session.timeout.ms, which typically implies that the poll loop is spending too much time message processing. You can address this either by increasing the session timeout or by reducing the maximum size of batches returned in poll() with max.poll.records.
2016-06-21 13:58:57,287[INFO][main][org.apache.kafka.clients.consumer.internals.ConsumerCoordinator.onJoinPrepare(ConsumerCoordinator.java:280)] Revoking previously assigned partitions [A10001-2, A10001-1, A10001-0, A10001-6, A10001-5, A10001-4, A10001-3, A10001-9, A10001-8, A10001-7] for group test11
2016-06-21 13:58:57,287[INFO][main][org.apache.kafka.clients.consumer.internals.AbstractCoordinator.sendJoinGroupRequest(AbstractCoordinator.java:326)] (Re-)joining group test11
2016-06-21 13:58:57,322[INFO][main][org.apache.kafka.clients.consumer.internals.AbstractCoordinator.sendJoinGroupRequest(AbstractCoordinator.java:326)] (Re-)joining group test11
2016-06-21 13:58:57,411[INFO][main][org.apache.kafka.clients.consumer.internals.AbstractCoordinator$SyncGroupResponseHandler.handle(AbstractCoordinator.java:434)] Successfully joined group test11 with generation 1
2016-06-21 13:58:57,412[INFO][main][org.apache.kafka.clients.consumer.internals.ConsumerCoordinator.onJoinComplete(ConsumerCoordinator.java:219)] Setting newly assigned partitions [A10001-2, A10001-1, A10001-0, A10001-6, A10001-5, A10001-4, A10001-3, A10001-9, A10001-8, A10001-7] for group test11
2016-06-21 17:09:01,533[INFO][main][org.apache.kafka.clients.consumer.internals.AbstractCoordinator.coordinatorDead(AbstractCoordinator.java:542)] Marking the coordinator iZ94h4sw4taZ:9092 (id: 2147483638 rack: null) dead for group test11
2016-06-21 17:09:01,533[WARN][main][org.apache.kafka.clients.consumer.internals.ConsumerCoordinator$AutoCommitTask$1.onComplete(ConsumerCoordinator.java:454)] Auto offset commit failed for group test11: Commit offsets failed with retriable exception. You should retry committing offsets.
2016-06-21 17:09:01,533[WARN][main][org.apache.kafka.clients.consumer.internals.ConsumerCoordinator$AutoCommitTask$1.onComplete(ConsumerCoordinator.java:454)] Auto offset commit failed for group test11: Commit offsets failed with retriable exception. You should retry committing offsets.
2016-06-21 17:09:01,533[WARN][main][org.apache.kafka.clients.consumer.internals.ConsumerCoordinator$AutoCommitTask$1.onComplete(ConsumerCoordinator.java:454)] Auto offset commit failed for group test11: Commit offsets failed with retriable exception. You should retry committing offsets.
2016-06-21 17:09:36,705[INFO][main][org.apache.kafka.clients.consumer.internals.AbstractCoordinator.handleGroupMetadataResponse(AbstractCoordinator.java:505)] Discovered coordinator iZ94h4sw4taZ:9092 (id: 2147483638 rack: null) for group test11.
2016-06-21 17:09:36,784[WARN][main][org.apache.kafka.clients.consumer.internals.ConsumerCoordinator$AutoCommitTask$1.onComplete(ConsumerCoordinator.java:454)] Auto offset commit failed for group test11: Commit cannot be completed since the group has already rebalanced and assigned the partitions to another member. This means that the time between subsequent calls to poll() was longer than the configured session.timeout.ms, which typically implies that the poll loop is spending too much time message processing. You can address this either by increasing the session timeout or by reducing the maximum size of batches returned in poll() with max.poll.records.
2016-06-21 17:09:36,784[WARN][main][org.apache.kafka.clients.consumer.internals.ConsumerCoordinator$AutoCommitTask$1.onComplete(ConsumerCoordinator.java:454)] Auto offset commit failed for group test11: Commit cannot be completed since the group has already rebalanced and assigned the partitions to another member. This means that the time between subsequent calls to poll() was longer than the configured session.timeout.ms, which typically implies that the poll loop is spending too much time message processing. You can address this either by increasing the session timeout or by reducing the maximum size of batches returned in poll() with max.poll.records.
2016-06-21 17:09:36,784[WARN][main][org.apache.kafka.clients.consumer.internals.ConsumerCoordinator$AutoCommitTask$1.onComplete(ConsumerCoordinator.java:454)] Auto offset commit failed for group test11: Commit cannot be completed since the group has already rebalanced and assigned the partitions to another member. This means that the time between subsequent calls to poll() was longer than the configured session.timeout.ms, which typically implies that the poll loop is spending too much time message processing. You can address this either by increasing the session timeout or by reducing the maximum size of batches returned in poll() with max.poll.records.
2016-06-21 17:09:36,820[WARN][main][org.apache.kafka.clients.consumer.internals.ConsumerCoordinator.maybeAutoCommitOffsetsSync(ConsumerCoordinator.java:471)] Auto offset commit failed for group test11: Commit cannot be completed since the group has already rebalanced and assigned the partitions to another member. This means that the time between subsequent calls to poll() was longer than the configured session.timeout.ms, which typically implies that the poll loop is spending too much time message processing. You can address this either by increasing the session timeout or by reducing the maximum size of batches returned in poll() with max.poll.records.
2016-06-21 17:09:36,820[INFO][main][org.apache.kafka.clients.consumer.internals.ConsumerCoordinator.onJoinPrepare(ConsumerCoordinator.java:280)] Revoking previously assigned partitions [A10001-2, A10001-1, A10001-0, A10001-6, A10001-5, A10001-4, A10001-3, A10001-9, A10001-8, A10001-7] for group test11
2016-06-21 17:09:36,821[INFO][main][org.apache.kafka.clients.consumer.internals.AbstractCoordinator.sendJoinGroupRequest(AbstractCoordinator.java:326)] (Re-)joining group test11
2016-06-21 17:09:36,856[INFO][main][org.apache.kafka.clients.consumer.internals.AbstractCoordinator.sendJoinGroupRequest(AbstractCoordinator.java:326)] (Re-)joining group test11
2016-06-21 17:09:36,934[INFO][main][org.apache.kafka.clients.consumer.internals.AbstractCoordinator$SyncGroupResponseHandler.handle(AbstractCoordinator.java:434)] Successfully joined group test11 with generation 1
2016-06-21 17:09:36,934[INFO][main][org.apache.kafka.clients.consumer.internals.ConsumerCoordinator.onJoinComplete(ConsumerCoordinator.java:219)] Setting newly assigned partitions [A10001-2, A10001-1, A10001-0, A10001-6, A10001-5, A10001-4, A10001-3, A10001-9, A10001-8, A10001-7] for group test11
2016-06-21 17:52:34,596[INFO][main][org.apache.kafka.clients.consumer.internals.AbstractCoordinator.coordinatorDead(AbstractCoordinator.java:542)] Marking the coordinator iZ94h4sw4taZ:9092 (id: 2147483638 rack: null) dead for group test11
2016-06-21 17:52:45,036[INFO][main][org.apache.kafka.clients.consumer.internals.AbstractCoordinator.handleGroupMetadataResponse(AbstractCoordinator.java:505)] Discovered coordinator iZ94h4sw4taZ:9092 (id: 2147483638 rack: null) for group test11.
2016-06-21 17:52:45,211[WARN][main][org.apache.kafka.clients.consumer.internals.ConsumerCoordinator$AutoCommitTask$1.onComplete(ConsumerCoordinator.java:454)] Auto offset commit failed for group test11: Commit cannot be completed since the group has already rebalanced and assigned the partitions to another member. This means that the time between subsequent calls to poll() was longer than the configured session.timeout.ms, which typically implies that the poll loop is spending too much time message processing. You can address this either by increasing the session timeout or by reducing the maximum size of batches returned in poll() with max.poll.records.
2016-06-21 17:52:45,234[WARN][main][org.apache.kafka.clients.consumer.internals.ConsumerCoordinator$AutoCommitTask$1.onComplete(ConsumerCoordinator.java:454)] Auto offset commit failed for group test11: Commit cannot be completed since the group has already rebalanced and assigned the partitions to another member. This means that the time between subsequent calls to poll() was longer than the configured session.timeout.ms, which typically implies that the poll loop is spending too much time message processing. You can address this either by increasing the session timeout or by reducing the maximum size of batches returned in poll() with max.poll.records.
2016-06